// Jest Snapshot v1, https://goo.gl/fbAQLP

exports[`CookieConsent.vue WHEN has cookie consent cookie set WHEN first mounted sdfsf 1`] = `
<div
  class="cookie-consent_wrapper"
>
  <span>
    This website uses cookies as described in our 
    <a
      class=""
      href="/privacy#cookie-policy"
    >
      cookie policy
    </a>
    , to
    see what cookies we use and to set your own preferences, click here. Otherwise, by clicking on or navigating this
    site, you accept our use of cookies.
  
  </span>
</div>
`;
